#separator \x09
#set_separator	,
#empty_field	(empty)
#unset_field	-
#path	ntp
#open	1970-01-01-00-00-00
#fields	ts	uid	id.orig_h	id.orig_p	id.resp_h	id.resp_p	proto	version	mode	leap	stratum	poll	precision	root_delay_raw	root_dispersion_raw	reference_id	reference_raw	origin_raw	receive_raw	transmit_raw	reference_time	origin_time	receive_time	transmit_time	association	association_id	truncated	community_id	node_id	capture_scope	partial
#types	time	string	addr	port	addr	port	enum	count	count	count	count	int	int	int	count	string	string	string	string	string	time	time	time	time	enum	string	bool	string	string	enum	bool
1.500000	Cnetwork	192.0.2.20	40000	192.0.2.123	123	udp	4	4	3	2	-6	-20	-65536	4294967295	00ff8001	0000000000000000	0000000000000000	0000000000000000	83aa7e8180000001	-	-	-	1.500000	not_applicable	-	F	1:network	sensor-a	filtered	T
#close	1970-01-01-00-00-00
