{"association":"not_applicable","association_id":null,"capture_scope":"filtered","community_id":"1:network","id.orig_h":"192.0.2.20","id.orig_p":40000,"id.resp_h":"192.0.2.123","id.resp_p":123,"leap":3,"mode":4,"node_id":"sensor-a","origin_raw":"0000000000000000","origin_time":null,"partial":true,"poll":-6,"precision":-20,"proto":"udp","receive_raw":"0000000000000000","receive_time":null,"reference_id":"00ff8001","reference_raw":"0000000000000000","reference_time":null,"root_delay_raw":-65536,"root_dispersion_raw":4294967295,"stratum":2,"transmit_raw":"83aa7e8180000001","transmit_time":1.5,"truncated":false,"ts":1.5,"uid":"Cnetwork","version":4}
