[conn.log]
#path	conn
#fields	ts	uid	id.orig_h	id.orig_p	id.resp_h	id.resp_p	proto	service	duration	orig_bytes	resp_bytes	conn_state	local_orig	local_resp	missed_bytes	history	orig_pkts	orig_ip_bytes	resp_pkts	resp_ip_bytes	community_id	node_id	capture_scope	partial
#types	time	string	addr	port	addr	port	enum	string	interval	count	count	string	bool	bool	count	string	count	count	count	count	string	string	enum	bool
[dns.log]
#path	dns
#fields	ts	uid	id.orig_h	id.orig_p	id.resp_h	id.resp_p	proto	trans_id	rtt	query	qclass	qclass_name	qtype	qtype_name	rcode	rcode_name	AA	TC	RD	RA	Z	answers	TTLs	rejected	community_id	node_id
#types	time	string	addr	port	addr	port	enum	count	interval	string	count	string	count	string	count	string	bool	bool	bool	bool	count	vector[string]	vector[interval]	bool	string	string
[ssl.log]
#path	ssl
#fields	ts	uid	id.orig_h	id.orig_p	id.resp_h	id.resp_p	version	cipher	curve	server_name	resumed	last_alert	next_protocol	established	cert_chain_fuids	client_cert_chain_fuids	subject	issuer	client_subject	client_issuer	validation_status	ja3	ja3s	ja4	community_id	node_id
#types	time	string	addr	port	addr	port	string	string	string	string	bool	string	string	bool	vector[string]	vector[string]	string	string	string	string	string	string	string	string	string	string
[http.log]
#path	http
#fields	ts	uid	id.orig_h	id.orig_p	id.resp_h	id.resp_p	trans_depth	method	host	uri	referrer	version	user_agent	origin	request_body_len	response_body_len	status_code	status_msg	info_code	info_msg	tags	username	password	proxied	orig_fuids	orig_filenames	orig_mime_types	resp_fuids	resp_filenames	resp_mime_types	community_id	node_id
#types	time	string	addr	port	addr	port	count	string	string	string	string	string	string	string	count	count	count	string	count	string	set[enum]	string	string	vector[string]	vector[string]	vector[string]	vector[string]	vector[string]	vector[string]	vector[string]	string	string
[smtp.log]
#path	smtp
#fields	ts	uid	id.orig_h	id.orig_p	id.resp_h	id.resp_p	trans_depth	helo	mailfrom	rcptto	date	from	to	cc	reply_to	msg_id	in_reply_to	subject	x_originating_ip	first_received	second_received	last_reply	path	user_agent	tls	fuids	is_webmail	community_id	node_id
#types	time	string	addr	port	addr	port	count	string	string	set[string]	string	string	set[string]	set[string]	string	string	string	string	addr	string	string	string	vector[string]	string	bool	vector[string]	bool	string	string
[files.log]
#path	files
#fields	ts	fuid	uid	source	depth	analyzers	mime_type	filename	duration	local_orig	is_orig	seen_bytes	total_bytes	missing_bytes	overflow_bytes	timedout	parent_fuid	md5	sha1	sha256	hash_complete	extracted	community_id	node_id
#types	time	string	string	string	count	set[string]	string	string	interval	bool	bool	count	count	count	count	bool	string	string	string	string	bool	string	string	string
[radius.log]
#path	radius
#fields	ts	uid	id.orig_h	id.orig_p	id.resp_h	id.resp_p	proto	code	identifier	length	observation_id	request_instance_id	association	attributes	origin_node_id	source_id	capture_epoch	community_id	node_id
#types	time	string	addr	port	addr	port	enum	count	count	count	string	string	enum	vector[string]	string	string	string	string	string
[dhcp.log]
#path	dhcp
#fields	ts	uid	id.orig_h	id.orig_p	id.resp_h	id.resp_p	proto	op	message_type	transaction_id	hardware_type	hardware_address	client_identifier	client_addr	offered_addr	next_server	relay_addr	server_identifier	requested_addr	hostname	domain	lease_seconds	routers	dns_servers	parameter_request_list	association	association_id	truncated	community_id	node_id	capture_scope	partial
#types	time	string	addr	port	addr	port	enum	count	count	count	count	string	string	addr	addr	addr	addr	addr	addr	string	string	count	vector[addr]	vector[addr]	vector[count]	enum	string	bool	string	string	enum	bool
[ntp.log]
#path	ntp
#fields	ts	uid	id.orig_h	id.orig_p	id.resp_h	id.resp_p	proto	version	mode	leap	stratum	poll	precision	root_delay_raw	root_dispersion_raw	reference_id	reference_raw	origin_raw	receive_raw	transmit_raw	reference_time	origin_time	receive_time	transmit_time	association	association_id	truncated	community_id	node_id	capture_scope	partial
#types	time	string	addr	port	addr	port	enum	count	count	count	count	int	int	int	count	string	string	string	string	string	time	time	time	time	enum	string	bool	string	string	enum	bool
[known_hosts.log]
#path	known_hosts
#fields	ts	uid	id.orig_h	id.orig_p	id.resp_h	id.resp_p	proto	host	evidence	community_id	node_id	capture_scope	partial
#types	time	string	addr	port	addr	port	enum	addr	enum	string	string	enum	bool
[known_services.log]
#path	known_services
#fields	ts	uid	id.orig_h	id.orig_p	id.resp_h	id.resp_p	proto	host	port	transport	service	evidence	community_id	node_id	capture_scope	partial
#types	time	string	addr	port	addr	port	enum	addr	port	enum	string	enum	string	string	enum	bool
